../../../Lib/AI_Runtime/Npu/ll_aton/ll_aton_NN_interface.h:489:32:LL_Buffer_addr_start	0	static
C:/STM32N6570/x-cube-n6-ai-hand-landmarks-main/Src/app.c:315:20:decode_ld_landmark_fast	0	static
C:/STM32N6570/x-cube-n6-ai-hand-landmarks-main/Src/app.c:787:13:copy_pd_box	12	static
C:/STM32N6570/x-cube-n6-ai-hand-landmarks-main/Src/app.c:997:12:clamp_point	8	static
C:/STM32N6570/x-cube-n6-ai-hand-landmarks-main/Src/app.c:1838:13:br_write_line	8	static
C:/STM32N6570/x-cube-n6-ai-hand-landmarks-main/Src/app.c:2082:15:try_parse_axis_feedback	32	static
C:/STM32N6570/x-cube-n6-ai-hand-landmarks-main/Src/app.c:1777:13:isp_thread_fct	8	static
C:/STM32N6570/x-cube-n6-ai-hand-landmarks-main/Src/app.c:1716:13:on_pd_toggle_button_click	8	static
C:/STM32N6570/x-cube-n6-ai-hand-landmarks-main/Src/app.c:1704:13:on_ld_toggle_button_click	8	static
C:/STM32N6570/x-cube-n6-ai-hand-landmarks-main/Src/app.c:813:13:button_process	16	static
C:/STM32N6570/x-cube-n6-ai-hand-landmarks-main/Src/app.c:265:14:joint_angle_rad	32	static
C:/STM32N6570/x-cube-n6-ai-hand-landmarks-main/Src/app.c:800:13:button_init.part.0	8	static
C:/STM32N6570/x-cube-n6-ai-hand-landmarks-main/Src/app.c:1843:12:br_read_line.constprop	8	static
C:/STM32N6570/x-cube-n6-ai-hand-landmarks-main/Src/app.c:1129:13:display_ld_hand	296	static
C:/STM32N6570/x-cube-n6-ai-hand-landmarks-main/Src/app.c:746:13:roi_shift_and_scale.constprop	56	static
C:/STM32N6570/x-cube-n6-ai-hand-landmarks-main/Src/app.c:1574:13:nn_thread_fct	736	static,ignoring_inline_asm
C:/STM32N6570/x-cube-n6-ai-hand-landmarks-main/Src/app.c:2057:23:map_window01	8	static
C:/STM32N6570/x-cube-n6-ai-hand-landmarks-main/Src/app.c:2121:15:comms_task	784	static
C:/STM32N6570/x-cube-n6-ai-hand-landmarks-main/Src/app.c:1161:6:display_hand	128	static
C:/STM32N6570/x-cube-n6-ai-hand-landmarks-main/Src/app.c:1728:13:dp_thread_fct	360	static,ignoring_inline_asm
C:/STM32N6570/x-cube-n6-ai-hand-landmarks-main/Src/app.c:1972:28:Error_Handler	0	static,ignoring_inline_asm
C:/STM32N6570/x-cube-n6-ai-hand-landmarks-main/Src/app.c:2333:6:comms_publish_test	168	static
C:/STM32N6570/x-cube-n6-ai-hand-landmarks-main/Src/app.c:2346:6:comms_start	24	static
C:/STM32N6570/x-cube-n6-ai-hand-landmarks-main/Src/app.c:2362:6:app_run	104	static,ignoring_inline_asm
C:/STM32N6570/x-cube-n6-ai-hand-landmarks-main/Src/app.c:2434:5:CMW_CAMERA_PIPE_FrameEventCallback	40	static
C:/STM32N6570/x-cube-n6-ai-hand-landmarks-main/Src/app.c:2444:5:CMW_CAMERA_PIPE_VsyncEventCallback	16	static
