../../../STM32Cube_FW_N6/Drivers/STM32N6xx_HAL_Driver/Inc/stm32n6xx_ll_bus.h:679:22:LL_MEM_EnableClock	1
../../../STM32Cube_FW_N6/Drivers/STM32N6xx_HAL_Driver/Inc/stm32n6xx_ll_bus.h:1755:22:LL_AHB5_GRP1_EnableClock	1
C:/STM32N6570/x-cube-n6-ai-hand-landmarks-main/Src/main.c:183:13:SystemClock_Config	4
C:/STM32N6570/x-cube-n6-ai-hand-landmarks-main/Src/main.c:332:13:main_thread_fct	3
C:/STM32N6570/x-cube-n6-ai-hand-landmarks-main/Src/main.c:64:5:main	4
C:/STM32N6570/x-cube-n6-ai-hand-landmarks-main/Src/main.c:176:6:IAC_IRQHandler	1
C:/STM32N6570/x-cube-n6-ai-hand-landmarks-main/Src/main.c:401:19:MX_DCMIPP_ClockConfig	2
C:/STM32N6570/x-cube-n6-ai-hand-landmarks-main/Src/main.c:424:6:HAL_CACHEAXI_MspInit	1
C:/STM32N6570/x-cube-n6-ai-hand-landmarks-main/Src/main.c:432:6:HAL_CACHEAXI_MspDeInit	1
C:/STM32N6570/x-cube-n6-ai-hand-landmarks-main/Src/main.c:448:6:assert_failed	1
C:/STM32N6570/x-cube-n6-ai-hand-landmarks-main/Src/main.c:460:45:app_clean_invalidate_dbg	3
C:/STM32N6570/x-cube-n6-ai-hand-landmarks-main/Src/main.c:465:6:HAL_GPU2D_MspInit	2
C:/STM32N6570/x-cube-n6-ai-hand-landmarks-main/Src/main.c:481:6:HAL_GPU2D_MspDeInit	2
C:/STM32N6570/x-cube-n6-ai-hand-landmarks-main/Src/main.c:489:6:HAL_GFXMMU_MspInit	1
C:/STM32N6570/x-cube-n6-ai-hand-landmarks-main/Src/main.c:499:6:HAL_GFXMMU_MspDeInit	1
