../../../STM32Cube_FW_N6/Drivers/STM32N6xx_HAL_Driver/Inc/stm32n6xx_ll_bus.h:679:22:LL_MEM_EnableClock	8	static
../../../STM32Cube_FW_N6/Drivers/STM32N6xx_HAL_Driver/Inc/stm32n6xx_ll_bus.h:1755:22:LL_AHB5_GRP1_EnableClock	8	static
C:/STM32N6570/x-cube-n6-ai-hand-landmarks-main/Src/main.c:183:13:SystemClock_Config	632	static
C:/STM32N6570/x-cube-n6-ai-hand-landmarks-main/Src/main.c:332:13:main_thread_fct	136	static
C:/STM32N6570/x-cube-n6-ai-hand-landmarks-main/Src/main.c:64:5:main	32	static,ignoring_inline_asm
C:/STM32N6570/x-cube-n6-ai-hand-landmarks-main/Src/main.c:176:6:IAC_IRQHandler	0	static
C:/STM32N6570/x-cube-n6-ai-hand-landmarks-main/Src/main.c:401:19:MX_DCMIPP_ClockConfig	408	static
C:/STM32N6570/x-cube-n6-ai-hand-landmarks-main/Src/main.c:424:6:HAL_CACHEAXI_MspInit	8	static
C:/STM32N6570/x-cube-n6-ai-hand-landmarks-main/Src/main.c:432:6:HAL_CACHEAXI_MspDeInit	0	static
C:/STM32N6570/x-cube-n6-ai-hand-landmarks-main/Src/main.c:448:6:assert_failed	0	static,ignoring_inline_asm
C:/STM32N6570/x-cube-n6-ai-hand-landmarks-main/Src/main.c:460:45:app_clean_invalidate_dbg	16	static,ignoring_inline_asm
C:/STM32N6570/x-cube-n6-ai-hand-landmarks-main/Src/main.c:465:6:HAL_GPU2D_MspInit	8	static,ignoring_inline_asm
C:/STM32N6570/x-cube-n6-ai-hand-landmarks-main/Src/main.c:481:6:HAL_GPU2D_MspDeInit	0	static
C:/STM32N6570/x-cube-n6-ai-hand-landmarks-main/Src/main.c:489:6:HAL_GFXMMU_MspInit	8	static,ignoring_inline_asm
C:/STM32N6570/x-cube-n6-ai-hand-landmarks-main/Src/main.c:499:6:HAL_GFXMMU_MspDeInit	0	static,ignoring_inline_asm
